Analyzing frontend...                                           

   info - 'withOpacity' is deprecated and shouldn't be used. Use .withValues() to avoid precision loss - lib\screens\auth\sign_up_screen.dart:55:86 - deprecated_member_use
   info - 'withOpacity' is deprecated and shouldn't be used. Use .withValues() to avoid precision loss - lib\screens\auth\sign_up_screen.dart:79:84 - deprecated_member_use
   info - 'withOpacity' is deprecated and shouldn't be used. Use .withValues() to avoid precision loss - lib\screens\category\category_screen.dart:86:47 - deprecated_member_use
   info - 'withOpacity' is deprecated and shouldn't be used. Use .withValues() to avoid precision loss - lib\screens\category\category_screen.dart:97:59 - deprecated_member_use
   info - 'withOpacity' is deprecated and shouldn't be used. Use .withValues() to avoid precision loss - lib\screens\discovery\discovery_screen.dart:44:55 - deprecated_member_use
   info - 'withOpacity' is deprecated and shouldn't be used. Use .withValues() to avoid precision loss - lib\screens\discovery\discovery_screen.dart:53:57 - deprecated_member_use
   info - 'withOpacity' is deprecated and shouldn't be used. Use .withValues() to avoid precision loss - lib\screens\home\dashboard_screen.dart:53:49 - deprecated_member_use
   info - 'withOpacity' is deprecated and shouldn't be used. Use .withValues() to avoid precision loss - lib\screens\home\dashboard_screen.dart:115:43 - deprecated_member_use
   info - 'withOpacity' is deprecated and shouldn't be used. Use .withValues() to avoid precision loss - lib\screens\home\dashboard_screen.dart:139:41 - deprecated_member_use
  error - Arguments of a constant creation must be constant expressions - lib\screens\home\dashboard_screen.dart:151:45 - const_with_non_constant_argument
   info - 'withOpacity' is deprecated and shouldn't be used. Use .withValues() to avoid precision loss - lib\screens\messaging\chat_screen.dart:103:72 - deprecated_member_use
   info - 'withOpacity' is deprecated and shouldn't be used. Use .withValues() to avoid precision loss - lib\screens\messaging\chat_screen.dart:134:47 - deprecated_member_use
   info - 'withOpacity' is deprecated and shouldn't be used. Use .withValues() to avoid precision loss - lib\screens\messaging\inbox_screen.dart:29:54 - deprecated_member_use
   info - Unnecessary braces in a string interpolation - lib\screens\messaging\inbox_screen.dart:72:29 - unnecessary_brace_in_string_interps
  error - Invalid constant value - lib\screens\onboarding\onboarding_screen.dart:74:67 - invalid_constant
  error - The getter 'textSecondary' isn't defined for the type 'AppTheme' - lib\screens\onboarding\onboarding_screen.dart:74:76 - undefined_getter
   info - 'withOpacity' is deprecated and shouldn't be used. Use .withValues() to avoid precision loss - lib\screens\onboarding\onboarding_screen.dart:136:106 - deprecated_member_use
   info - 'withOpacity' is deprecated and shouldn't be used. Use .withValues() to avoid precision loss - lib\screens\profile\profile_screen.dart:34:86 - deprecated_member_use
   info - 'withOpacity' is deprecated and shouldn't be used. Use .withValues() to avoid precision loss - lib\screens\profile\profile_screen.dart:48:51 - deprecated_member_use
   info - 'withOpacity' is deprecated and shouldn't be used. Use .withValues() to avoid precision loss - lib\screens\profile\profile_screen.dart:110:54 - deprecated_member_use
   info - 'withOpacity' is deprecated and shouldn't be used. Use .withValues() to avoid precision loss - lib\screens\profile\profile_screen.dart:110:96 - deprecated_member_use
   info - 'withOpacity' is deprecated and shouldn't be used. Use .withValues() to avoid precision loss - lib\screens\shorts\shorts_feed_screen.dart:155:30 - deprecated_member_use
   info - 'withOpacity' is deprecated and shouldn't be used. Use .withValues() to avoid precision loss - lib\screens\shorts\shorts_feed_screen.dart:157:30 - deprecated_member_use
   info - 'withOpacity' is deprecated and shouldn't be used. Use .withValues() to avoid precision loss - lib\screens\shorts\shorts_feed_screen.dart:211:51 - deprecated_member_use
  error - The argument type 'CardTheme' can't be assigned to the parameter type 'CardThemeData?'.  - lib\theme\app_theme.dart:49:18 - argument_type_not_assignable
   info - 'withOpacity' is deprecated and shouldn't be used. Use .withValues() to avoid precision loss - lib\theme\app_theme.dart:52:35 - deprecated_member_use
  error - The argument type 'CardTheme' can't be assigned to the parameter type 'CardThemeData?'.  - lib\theme\app_theme.dart:122:18 - argument_type_not_assignable
   info - 'withOpacity' is deprecated and shouldn't be used. Use .withValues() to avoid precision loss - lib\theme\app_theme.dart:125:35 - deprecated_member_use

